/usr/bin/bash: line 2: ../.venv/Scripts/python: No such file or directory
